Parsed 7 sequences

============================================================
ID: 99603f8fb1e9
  Name: HUMAN_INSULIN
  Date: 2024-01-15
  Length: 110
  field_1: P12345
  field_2: Pancreas

ID: 14725a105989
  Name: MOUSE_HEMOGLOBIN
  Date: 2024-02-20
  Length: 142
  field_1: P67890
  field_2: Blood
  field_3: Adult

ID: d975dea1f79e
  Name: TestProtein
  Date: 
  Length: 92
  field_1: ABC123
  field_2: Missing date field

ID: 81433c98d8bf
  Name: custom_format
  Date: 2023-11-30
  Length: 152
  field_1: ProteinX
  field_2: Lab_Sample_001

ID: 3e3ffe2c426e
  Name: NOVEL_ENZYME
  Date: 2024-03-01
  Length: 248
  field_1: Q99999
  field_2: Liver
  field_3: Cytoplasm
  field_4: Homo sapiens

ID: 3511f7d23903
  Name: HUMAN_INSULIN
  Date: 2024-06-20
  Length: 111
  Contains non-canonical AA: YES
  field_1: P12345
  field_2: Different_Tissue

ID: c522b4c6741f
  Name: ProteinWithXAA
  Date: 2024-01-10
  Length: 91
  Contains non-canonical AA: YES
  field_1: A0A123

